.next/dev/types/validator.ts(42,39): error TS2307: Cannot find module '../../../app/agents/page.js' or its corresponding type declarations.
.next/dev/types/validator.ts(51,39): error TS2307: Cannot find module '../../../app/ai-hearing/page.js' or its corresponding type declarations.
.next/dev/types/validator.ts(60,39): error TS2307: Cannot find module '../../../app/career-os/page.js' or its corresponding type declarations.
.next/dev/types/validator.ts(69,39): error TS2307: Cannot find module '../../../app/daily-question/page.js' or its corresponding type declarations.
.next/dev/types/validator.ts(78,39): error TS2307: Cannot find module '../../../app/daily-question/success/page.js' or its corresponding type declarations.
.next/dev/types/validator.ts(87,39): error TS2307: Cannot find module '../../../app/page.js' or its corresponding type declarations.
.next/dev/types/validator.ts(96,39): error TS2307: Cannot find module '../../../app/values-map/page.js' or its corresponding type declarations.
.next/dev/types/validator.ts(111,39): error TS2307: Cannot find module '../../../app/layout.js' or its corresponding type declarations.
